
`i` must be in the signature
============================

> slicer <- (function(j, ...) {
+   collect_subscripts(j = j, ...)
+ })
> slicer(1)
Error: Caller function must have formal argument `i`.


`j` must be in the signature
============================

> slicer <- (function(i, ...) {
+   collect_subscripts(i, ...)
+ })
> slicer(1)
Error: Caller function must have formal argument `j`.


i and j must be adjacent in the signature
=========================================

> slicer <- (function(i, k, j, ...) {
+   collect_subscripts(i, j, ...)
+ })
> slicer(1)
Error: Caller function must place arguments `i` and `j` adjacent to each other, in that order.

> slicer(1, )
Error: Caller function must place arguments `i` and `j` adjacent to each other, in that order.

